
===== Chase_shuffle,total_time,n=2,logsz=14,logbatch=4,attempt=1 =====

===== Chase_shuffle,total_time,n=2,logsz=14,logbatch=5,attempt=1 =====

===== Chase_shuffle,total_time,n=2,logsz=14,logbatch=6,attempt=1 =====

===== Chase_shuffle,total_time,n=2,logsz=14,logbatch=7,attempt=1 =====

===== Chase_shuffle,total_time,n=2,logsz=14,logbatch=8,attempt=1 =====

===== Chase_shuffle,total_time,n=2,logsz=14,logbatch=9,attempt=1 =====

===== Chase_shuffle,total_time,n=2,logsz=14,logbatch=10,attempt=1 =====

===== Chase_shuffle,total_time,n=2,logsz=16,logbatch=4,attempt=1 =====

===== Chase_shuffle,total_time,n=2,logsz=16,logbatch=5,attempt=1 =====

===== Chase_shuffle,total_time,n=2,logsz=16,logbatch=6,attempt=1 =====

===== Chase_shuffle,total_time,n=2,logsz=16,logbatch=7,attempt=1 =====

===== Chase_shuffle,total_time,n=2,logsz=16,logbatch=8,attempt=1 =====

===== Chase_shuffle,total_time,n=2,logsz=16,logbatch=9,attempt=1 =====

===== Chase_shuffle,total_time,n=2,logsz=16,logbatch=10,attempt=1 =====

===== Chase_shuffle,total_time,n=2,logsz=18,logbatch=4,attempt=1 =====

===== Chase_shuffle,total_time,n=2,logsz=18,logbatch=5,attempt=1 =====

===== Chase_shuffle,total_time,n=2,logsz=18,logbatch=6,attempt=1 =====

===== Chase_shuffle,total_time,n=2,logsz=18,logbatch=7,attempt=1 =====

===== Chase_shuffle,total_time,n=2,logsz=18,logbatch=8,attempt=1 =====

===== Chase_shuffle,total_time,n=2,logsz=18,logbatch=9,attempt=1 =====

===== Chase_shuffle,total_time,n=2,logsz=18,logbatch=10,attempt=1 =====

===== Chase_shuffle,total_time,n=2,logsz=20,logbatch=4,attempt=1 =====

===== Chase_shuffle,total_time,n=2,logsz=20,logbatch=5,attempt=1 =====

===== Chase_shuffle,total_time,n=2,logsz=20,logbatch=6,attempt=1 =====

===== Chase_shuffle,total_time,n=2,logsz=20,logbatch=7,attempt=1 =====

===== Chase_shuffle,total_time,n=2,logsz=20,logbatch=8,attempt=1 =====

===== Chase_shuffle,total_time,n=2,logsz=20,logbatch=9,attempt=1 =====

===== Chase_shuffle,total_time,n=2,logsz=20,logbatch=10,attempt=1 =====

===== Chase_shuffle,total_time,n=2,logsz=22,logbatch=4,attempt=1 =====
terminate called after throwing an instance of 'boost::wrapexcept<boost::system::system_error>'
  what():  read_some: stream truncated [asio.ssl.stream:1]
Aborted (core dumped)

===== Chase_shuffle,total_time,n=2,logsz=22,logbatch=5,attempt=1 =====
terminate called after throwing an instance of 'boost::wrapexcept<boost::system::system_error>'
  what():  read_some: stream truncated [asio.ssl.stream:1]
Aborted (core dumped)

===== Chase_shuffle,total_time,n=2,logsz=22,logbatch=6,attempt=1 =====
terminate called after throwing an instance of 'boost::wrapexcept<boost::system::system_error>'
  what():  read_some: stream truncated [asio.ssl.stream:1]
Aborted (core dumped)

===== Chase_shuffle,total_time,n=2,logsz=22,logbatch=7,attempt=1 =====
terminate called after throwing an instance of 'boost::wrapexcept<boost::system::system_error>'
  what():  read_some: stream truncated [asio.ssl.stream:1]
Aborted (core dumped)

===== Chase_shuffle,total_time,n=2,logsz=22,logbatch=8,attempt=1 =====
terminate called after throwing an instance of 'boost::wrapexcept<boost::system::system_error>'
  what():  read_some: stream truncated [asio.ssl.stream:1]
Aborted (core dumped)

===== Chase_shuffle,total_time,n=2,logsz=22,logbatch=9,attempt=1 =====
terminate called after throwing an instance of 'boost::wrapexcept<boost::system::system_error>'
  what():  read_some: stream truncated [asio.ssl.stream:1]
Aborted (core dumped)

===== Chase_shuffle,total_time,n=2,logsz=22,logbatch=10,attempt=1 =====
terminate called after throwing an instance of 'boost::wrapexcept<boost::system::system_error>'
  what():  read_some: stream truncated [asio.ssl.stream:1]
Aborted (core dumped)

===== Chase_shuffle,on_time,n=2,logsz=14,logbatch=4,attempt=1 =====

===== Chase_shuffle,on_time,n=2,logsz=14,logbatch=5,attempt=1 =====

===== Chase_shuffle,on_time,n=2,logsz=14,logbatch=6,attempt=1 =====

===== Chase_shuffle,on_time,n=2,logsz=14,logbatch=7,attempt=1 =====

===== Chase_shuffle,on_time,n=2,logsz=14,logbatch=8,attempt=1 =====

===== Chase_shuffle,on_time,n=2,logsz=14,logbatch=9,attempt=1 =====

===== Chase_shuffle,on_time,n=2,logsz=14,logbatch=10,attempt=1 =====

===== Chase_shuffle,on_time,n=2,logsz=16,logbatch=4,attempt=1 =====

===== Chase_shuffle,on_time,n=2,logsz=16,logbatch=5,attempt=1 =====

===== Chase_shuffle,on_time,n=2,logsz=16,logbatch=6,attempt=1 =====

===== Chase_shuffle,on_time,n=2,logsz=16,logbatch=7,attempt=1 =====

===== Chase_shuffle,on_time,n=2,logsz=16,logbatch=8,attempt=1 =====

===== Chase_shuffle,on_time,n=2,logsz=16,logbatch=9,attempt=1 =====

===== Chase_shuffle,on_time,n=2,logsz=16,logbatch=10,attempt=1 =====

===== Chase_shuffle,on_time,n=2,logsz=18,logbatch=4,attempt=1 =====

===== Chase_shuffle,on_time,n=2,logsz=18,logbatch=5,attempt=1 =====

===== Chase_shuffle,on_time,n=2,logsz=18,logbatch=6,attempt=1 =====

===== Chase_shuffle,on_time,n=2,logsz=18,logbatch=7,attempt=1 =====

===== Chase_shuffle,on_time,n=2,logsz=18,logbatch=8,attempt=1 =====

===== Chase_shuffle,on_time,n=2,logsz=18,logbatch=9,attempt=1 =====

===== Chase_shuffle,on_time,n=2,logsz=18,logbatch=10,attempt=1 =====

===== Chase_shuffle,on_time,n=2,logsz=20,logbatch=4,attempt=1 =====

===== Chase_shuffle,on_time,n=2,logsz=20,logbatch=5,attempt=1 =====

===== Chase_shuffle,on_time,n=2,logsz=20,logbatch=6,attempt=1 =====

===== Chase_shuffle,on_time,n=2,logsz=20,logbatch=7,attempt=1 =====

===== Chase_shuffle,on_time,n=2,logsz=20,logbatch=8,attempt=1 =====

===== Chase_shuffle,on_time,n=2,logsz=20,logbatch=9,attempt=1 =====

===== Chase_shuffle,on_time,n=2,logsz=20,logbatch=10,attempt=1 =====

===== Chase_shuffle,on_time,n=2,logsz=22,logbatch=4,attempt=1 =====
terminate called after throwing an instance of 'boost::wrapexcept<boost::system::system_error>'
  what():  read_some: stream truncated [asio.ssl.stream:1]
Aborted (core dumped)

===== Chase_shuffle,on_time,n=2,logsz=22,logbatch=5,attempt=1 =====
terminate called after throwing an instance of 'boost::wrapexcept<boost::system::system_error>'
  what():  read_some: stream truncated [asio.ssl.stream:1]
Aborted (core dumped)

===== Chase_shuffle,on_time,n=2,logsz=22,logbatch=6,attempt=1 =====
terminate called after throwing an instance of 'boost::wrapexcept<boost::system::system_error>'
  what():  read_some: stream truncated [asio.ssl.stream:1]
Aborted (core dumped)

===== Chase_shuffle,on_time,n=2,logsz=22,logbatch=7,attempt=1 =====
terminate called after throwing an instance of 'boost::wrapexcept<boost::system::system_error>'
  what():  read_some: stream truncated [asio.ssl.stream:1]
Aborted (core dumped)

===== Chase_shuffle,on_time,n=2,logsz=22,logbatch=8,attempt=1 =====
terminate called after throwing an instance of 'boost::wrapexcept<boost::system::system_error>'
  what():  read_some: stream truncated [asio.ssl.stream:1]
Aborted (core dumped)

===== Chase_shuffle,on_time,n=2,logsz=22,logbatch=9,attempt=1 =====
terminate called after throwing an instance of 'boost::wrapexcept<boost::system::system_error>'
  what():  read_some: stream truncated [asio.ssl.stream:1]
Aborted (core dumped)

===== Chase_shuffle,on_time,n=2,logsz=22,logbatch=10,attempt=1 =====
terminate called after throwing an instance of 'boost::wrapexcept<boost::system::system_error>'
  what():  read_some: stream truncated [asio.ssl.stream:1]
Aborted (core dumped)

===== semi_my_shuffle,total_time,n=2,logsz=14,logbatch=4,attempt=1 =====

===== semi_my_shuffle,total_time,n=2,logsz=14,logbatch=5,attempt=1 =====

===== semi_my_shuffle,total_time,n=2,logsz=14,logbatch=6,attempt=1 =====

===== semi_my_shuffle,total_time,n=2,logsz=14,logbatch=7,attempt=1 =====

===== semi_my_shuffle,total_time,n=2,logsz=14,logbatch=8,attempt=1 =====

===== semi_my_shuffle,total_time,n=2,logsz=14,logbatch=9,attempt=1 =====

===== semi_my_shuffle,total_time,n=2,logsz=14,logbatch=10,attempt=1 =====

===== semi_my_shuffle,total_time,n=2,logsz=16,logbatch=4,attempt=1 =====

===== semi_my_shuffle,total_time,n=2,logsz=16,logbatch=5,attempt=1 =====

===== semi_my_shuffle,total_time,n=2,logsz=16,logbatch=6,attempt=1 =====

===== semi_my_shuffle,total_time,n=2,logsz=16,logbatch=7,attempt=1 =====

===== semi_my_shuffle,total_time,n=2,logsz=16,logbatch=8,attempt=1 =====

===== semi_my_shuffle,total_time,n=2,logsz=16,logbatch=9,attempt=1 =====

===== semi_my_shuffle,total_time,n=2,logsz=16,logbatch=10,attempt=1 =====

===== semi_my_shuffle,total_time,n=2,logsz=18,logbatch=4,attempt=1 =====

===== semi_my_shuffle,total_time,n=2,logsz=18,logbatch=5,attempt=1 =====

===== semi_my_shuffle,total_time,n=2,logsz=18,logbatch=6,attempt=1 =====

===== semi_my_shuffle,total_time,n=2,logsz=18,logbatch=7,attempt=1 =====

===== semi_my_shuffle,total_time,n=2,logsz=18,logbatch=8,attempt=1 =====

===== semi_my_shuffle,total_time,n=2,logsz=18,logbatch=9,attempt=1 =====

===== semi_my_shuffle,total_time,n=2,logsz=18,logbatch=10,attempt=1 =====

===== semi_my_shuffle,total_time,n=2,logsz=20,logbatch=4,attempt=1 =====

===== semi_my_shuffle,total_time,n=2,logsz=20,logbatch=5,attempt=1 =====

===== semi_my_shuffle,total_time,n=2,logsz=20,logbatch=6,attempt=1 =====

===== semi_my_shuffle,total_time,n=2,logsz=20,logbatch=7,attempt=1 =====

===== semi_my_shuffle,total_time,n=2,logsz=20,logbatch=8,attempt=1 =====

===== semi_my_shuffle,total_time,n=2,logsz=20,logbatch=9,attempt=1 =====

===== semi_my_shuffle,total_time,n=2,logsz=20,logbatch=10,attempt=1 =====

===== semi_my_shuffle,total_time,n=2,logsz=22,logbatch=4,attempt=1 =====
terminate called after throwing an instance of 'boost::wrapexcept<boost::system::system_error>'
  what():  read_some: stream truncated [asio.ssl.stream:1]
Aborted (core dumped)

===== semi_my_shuffle,total_time,n=2,logsz=22,logbatch=5,attempt=1 =====
terminate called after throwing an instance of 'boost::wrapexcept<boost::system::system_error>'
  what():  read_some: stream truncated [asio.ssl.stream:1]
Aborted (core dumped)

===== semi_my_shuffle,total_time,n=2,logsz=22,logbatch=6,attempt=1 =====
terminate called after throwing an instance of 'boost::wrapexcept<boost::system::system_error>'
  what():  read_some: stream truncated [asio.ssl.stream:1]
Aborted (core dumped)

===== semi_my_shuffle,total_time,n=2,logsz=22,logbatch=7,attempt=1 =====
terminate called after throwing an instance of 'boost::wrapexcept<boost::system::system_error>'
  what():  read_some: stream truncated [asio.ssl.stream:1]
Aborted (core dumped)

===== semi_my_shuffle,total_time,n=2,logsz=22,logbatch=8,attempt=1 =====
terminate called after throwing an instance of 'boost::wrapexcept<boost::system::system_error>'
  what():  read_some: stream truncated [asio.ssl.stream:1]
Aborted (core dumped)

===== semi_my_shuffle,total_time,n=2,logsz=22,logbatch=9,attempt=1 =====
terminate called after throwing an instance of 'boost::wrapexcept<boost::system::system_error>'
  what():  read_some: stream truncated [asio.ssl.stream:1]
Aborted (core dumped)

===== semi_my_shuffle,total_time,n=2,logsz=22,logbatch=10,attempt=1 =====
terminate called after throwing an instance of 'boost::wrapexcept<boost::system::system_error>'
  what():  read_some: stream truncated [asio.ssl.stream:1]
Aborted (core dumped)

===== Chase_shuffle,total_time,n=2,logsz=22,logbatch=4,attempt=1 =====

===== Chase_shuffle,total_time,n=2,logsz=22,logbatch=5,attempt=1 =====

===== Chase_shuffle,total_time,n=2,logsz=22,logbatch=6,attempt=1 =====

===== Chase_shuffle,total_time,n=2,logsz=22,logbatch=7,attempt=1 =====

===== Chase_shuffle,total_time,n=2,logsz=22,logbatch=8,attempt=1 =====

===== Chase_shuffle,total_time,n=2,logsz=22,logbatch=9,attempt=1 =====

===== Chase_shuffle,on_time,n=2,logsz=22,logbatch=4,attempt=1 =====

===== Chase_shuffle,on_time,n=2,logsz=22,logbatch=5,attempt=1 =====

===== Chase_shuffle,on_time,n=2,logsz=22,logbatch=6,attempt=1 =====

===== Chase_shuffle,on_time,n=2,logsz=22,logbatch=7,attempt=1 =====

===== Chase_shuffle,on_time,n=2,logsz=22,logbatch=8,attempt=1 =====

===== Chase_shuffle,on_time,n=2,logsz=22,logbatch=9,attempt=1 =====

===== semi_my_shuffle,total_time,n=2,logsz=22,logbatch=4,attempt=1 =====

===== semi_my_shuffle,total_time,n=2,logsz=22,logbatch=5,attempt=1 =====

===== semi_my_shuffle,total_time,n=2,logsz=22,logbatch=6,attempt=1 =====

===== semi_my_shuffle,total_time,n=2,logsz=22,logbatch=7,attempt=1 =====

===== semi_my_shuffle,total_time,n=2,logsz=22,logbatch=8,attempt=1 =====

===== semi_my_shuffle,total_time,n=2,logsz=22,logbatch=9,attempt=1 =====
